UserClientMain
Received 2 arguments
arg[0] = localhost
arg[1] = 2001
> OK
> OK
> OK
50
> OK
100
